\BOOKMARK [0][-]{Doc-Start}{\376\377\000L\036\335\000i\000\040\000c\036\243\000m\000\040\001\241\000n}{}% 1
\BOOKMARK [0][-]{Doc-Start}{\376\377\000A\000s\000s\000u\000r\000a\000n\000c\000e}{}% 2
\BOOKMARK [0][-]{Doc-Start}{\376\377\000T\000\363\000m\000\040\000t\036\257\000t}{}% 3
\BOOKMARK [0][-]{Doc-Start}{\376\377\000A\000b\000s\000t\000r\000a\000c\000t}{}% 4
\BOOKMARK [0][-]{Doc-Start}{\376\377\000T\000a\000b\000l\000e\000\040\000o\000f\000\040\000C\000o\000n\000t\000e\000n\000t\000s}{}% 5
\BOOKMARK [0][-]{Doc-Start}{\376\377\000L\000i\000s\000t\000\040\000o\000f\000\040\000F\000i\000g\000u\000r\000e\000s}{}% 6
\BOOKMARK [0][-]{Doc-Start}{\376\377\000L\000i\000s\000t\000\040\000o\000f\000\040\000T\000a\000b\000l\000e\000s}{}% 7
\BOOKMARK [0][-]{chapter*.1}{\376\377\000L\000i\000s\000t\000\040\000o\000f\000\040\000A\000b\000b\000r\000e\000v\000i\000a\000t\000i\000o\000n\000s}{}% 8
\BOOKMARK [0][-]{chapter.1}{\376\377\000I\000n\000t\000r\000o\000d\000u\000c\000t\000i\000o\000n}{}% 9
\BOOKMARK [1][-]{section.1.1}{\376\377\000B\000a\000c\000k\000g\000r\000o\000u\000n\000d\000\040\000a\000n\000d\000\040\000M\000o\000t\000i\000v\000a\000t\000i\000o\000n}{chapter.1}% 10
\BOOKMARK [1][-]{section.1.2}{\376\377\000P\000r\000o\000b\000l\000e\000m\000\040\000S\000t\000a\000t\000e\000m\000e\000n\000t\000\040\000a\000n\000d\000\040\000R\000e\000s\000e\000a\000r\000c\000h\000\040\000O\000b\000j\000e\000c\000t\000i\000v\000e\000s}{chapter.1}% 11
\BOOKMARK [1][-]{section.1.3}{\376\377\000T\000h\000e\000s\000i\000s\000\040\000C\000o\000n\000t\000r\000i\000b\000u\000t\000i\000o\000n\000s}{chapter.1}% 12
\BOOKMARK [1][-]{section.1.4}{\376\377\000T\000h\000e\000s\000i\000s\000\040\000O\000u\000t\000l\000i\000n\000e}{chapter.1}% 13
\BOOKMARK [0][-]{chapter.2}{\376\377\000P\000r\000e\000l\000i\000m\000i\000n\000a\000r\000i\000e\000s}{}% 14
\BOOKMARK [1][-]{section.2.1}{\376\377\000T\000r\000a\000n\000s\000f\000o\000r\000m\000e\000r\000-\000B\000a\000s\000e\000d\000\040\000V\000i\000s\000i\000o\000n\000-\000L\000a\000n\000g\000u\000a\000g\000e\000\040\000M\000o\000d\000e\000l\000s}{chapter.2}% 15
\BOOKMARK [2][-]{subsection.2.1.1}{\376\377\000T\000r\000a\000n\000s\000f\000o\000r\000m\000e\000r\000\040\000B\000a\000s\000i\000c\000s}{section.2.1}% 16
\BOOKMARK [2][-]{subsection.2.1.2}{\376\377\000V\000i\000s\000i\000o\000n\000\040\000E\000n\000c\000o\000d\000e\000r\000\040\000a\000n\000d\000\040\000M\000u\000l\000t\000i\000m\000o\000d\000a\000l\000\040\000F\000u\000s\000i\000o\000n}{section.2.1}% 17
\BOOKMARK [2][-]{subsection.2.1.3}{\376\377\000T\000e\000x\000t\000-\000R\000i\000c\000h\000\040\000M\000u\000l\000t\000i\000m\000o\000d\000a\000l\000\040\000U\000n\000d\000e\000r\000s\000t\000a\000n\000d\000i\000n\000g}{section.2.1}% 18
\BOOKMARK [1][-]{section.2.2}{\376\377\000K\000n\000o\000w\000l\000e\000d\000g\000e\000\040\000D\000i\000s\000t\000i\000l\000l\000a\000t\000i\000o\000n}{chapter.2}% 19
\BOOKMARK [2][-]{subsection.2.2.1}{\376\377\000T\000e\000a\000c\000h\000e\000r\000-\000S\000t\000u\000d\000e\000n\000t\000\040\000L\000e\000a\000r\000n\000i\000n\000g}{section.2.2}% 20
\BOOKMARK [2][-]{subsection.2.2.2}{\376\377\000T\000e\000m\000p\000e\000r\000a\000t\000u\000r\000e\000-\000S\000c\000a\000l\000e\000d\000\040\000O\000u\000t\000p\000u\000t\000\040\000D\000i\000s\000t\000r\000i\000b\000u\000t\000i\000o\000n\000s}{section.2.2}% 21
\BOOKMARK [1][-]{section.2.3}{\376\377\000U\000n\000i\000v\000e\000r\000s\000a\000l\000\040\000L\000o\000g\000i\000t\000\040\000D\000i\000s\000t\000i\000l\000l\000a\000t\000i\000o\000n}{chapter.2}% 22
\BOOKMARK [2][-]{subsection.2.3.1}{\376\377\000M\000o\000t\000i\000v\000a\000t\000i\000o\000n}{section.2.3}% 23
\BOOKMARK [2][-]{subsection.2.3.2}{\376\377\000U\000L\000D\000\040\000F\000o\000r\000m\000u\000l\000a\000t\000i\000o\000n}{section.2.3}% 24
\BOOKMARK [2][-]{subsection.2.3.3}{\376\377\000A\000n\000s\000w\000e\000r\000-\000T\000o\000k\000e\000n\000\040\000D\000i\000s\000t\000i\000l\000l\000a\000t\000i\000o\000n}{section.2.3}% 25
\BOOKMARK [1][-]{section.2.4}{\376\377\000M\000u\000l\000t\000i\000-\000T\000e\000a\000c\000h\000e\000r\000\040\000D\000i\000s\000t\000i\000l\000l\000a\000t\000i\000o\000n}{chapter.2}% 26
\BOOKMARK [2][-]{subsection.2.4.1}{\376\377\000P\000e\000r\000-\000T\000e\000a\000c\000h\000e\000r\000\040\000K\000D\000\040\000L\000o\000s\000s}{section.2.4}% 27
\BOOKMARK [2][-]{subsection.2.4.2}{\376\377\000N\000e\000e\000d\000\040\000f\000o\000r\000\040\000S\000e\000l\000e\000c\000t\000i\000v\000e\000\040\000R\000o\000u\000t\000i\000n\000g}{section.2.4}% 28
\BOOKMARK [2][-]{subsection.2.4.3}{\376\377\000L\000e\000a\000r\000n\000e\000d\000\040\000R\000o\000u\000t\000i\000n\000g\000\040\000a\000n\000d\000\040\000L\000o\000a\000d\000\040\000B\000a\000l\000a\000n\000c\000i\000n\000g}{section.2.4}% 29
\BOOKMARK [1][-]{section.2.5}{\376\377\000G\000r\000a\000d\000i\000e\000n\000t\000\040\000A\000l\000i\000g\000n\000m\000e\000n\000t}{chapter.2}% 30
\BOOKMARK [2][-]{subsection.2.5.1}{\376\377\000C\000r\000o\000s\000s\000-\000E\000n\000t\000r\000o\000p\000y\000\040\000G\000r\000a\000d\000i\000e\000n\000t\000\040\000P\000r\000o\000x\000y}{section.2.5}% 31
\BOOKMARK [2][-]{subsection.2.5.2}{\376\377\000P\000e\000r\000-\000T\000e\000a\000c\000h\000e\000r\000\040\000K\000D\000\040\000G\000r\000a\000d\000i\000e\000n\000t\000\040\000P\000r\000o\000x\000y}{section.2.5}% 32
\BOOKMARK [2][-]{subsection.2.5.3}{\376\377\000C\000o\000s\000i\000n\000e\000\040\000A\000l\000i\000g\000n\000m\000e\000n\000t}{section.2.5}% 33
\BOOKMARK [2][-]{subsection.2.5.4}{\376\377\000A\000l\000i\000g\000n\000m\000e\000n\000t\000\040\000F\000i\000l\000t\000e\000r\000i\000n\000g\000\040\000o\000n\000\040\000T\000o\000p\000\040\000o\000f\000\040\000G\000a\000t\000e\000d\000\040\000R\000o\000u\000t\000i\000n\000g}{section.2.5}% 34
\BOOKMARK [1][-]{section.2.6}{\376\377\000R\000e\000p\000r\000e\000s\000e\000n\000t\000a\000t\000i\000o\000n\000\040\000S\000i\000m\000i\000l\000a\000r\000i\000t\000y\000\040\000a\000n\000d\000\040\000C\000K\000A}{chapter.2}% 35
\BOOKMARK [2][-]{subsection.2.6.1}{\376\377\000W\000h\000y\000\040\000C\000o\000m\000p\000a\000r\000e\000\040\000H\000i\000d\000d\000e\000n\000\040\000L\000a\000y\000e\000r\000s\000?}{section.2.6}% 36
\BOOKMARK [2][-]{subsection.2.6.2}{\376\377\000C\000e\000n\000t\000e\000r\000e\000d\000\040\000K\000e\000r\000n\000e\000l\000\040\000A\000l\000i\000g\000n\000m\000e\000n\000t}{section.2.6}% 37
\BOOKMARK [2][-]{subsection.2.6.3}{\376\377\000C\000o\000n\000n\000e\000c\000t\000i\000o\000n\000\040\000t\000o\000\040\000L\000a\000y\000e\000r\000-\000W\000i\000s\000e\000\040\000D\000i\000s\000t\000i\000l\000l\000a\000t\000i\000o\000n}{section.2.6}% 38
\BOOKMARK [1][-]{section.2.7}{\376\377\000S\000u\000m\000m\000a\000r\000y}{chapter.2}% 39
\BOOKMARK [0][-]{chapter.3}{\376\377\000P\000r\000o\000p\000o\000s\000e\000d\000\040\000M\000e\000t\000h\000o\000d}{}% 40
\BOOKMARK [1][-]{section.3.1}{\376\377\000P\000r\000o\000b\000l\000e\000m\000\040\000F\000o\000r\000m\000u\000l\000a\000t\000i\000o\000n}{chapter.3}% 41
\BOOKMARK [1][-]{section.3.2}{\376\377\000M\000e\000t\000h\000o\000d\000\040\000O\000v\000e\000r\000v\000i\000e\000w}{chapter.3}% 42
\BOOKMARK [1][-]{section.3.3}{\376\377\000T\000o\000k\000e\000n\000-\000L\000e\000v\000e\000l\000\040\000D\000i\000s\000t\000i\000l\000l\000a\000t\000i\000o\000n\000\040\000w\000i\000t\000h\000\040\000U\000L\000D}{chapter.3}% 43
\BOOKMARK [2][-]{subsection.3.3.1}{\376\377\000S\000u\000p\000e\000r\000v\000i\000s\000e\000d\000\040\000A\000n\000s\000w\000e\000r\000\040\000T\000o\000k\000e\000n\000s}{section.3.3}% 44
\BOOKMARK [2][-]{subsection.3.3.2}{\376\377\000U\000n\000i\000v\000e\000r\000s\000a\000l\000\040\000L\000o\000g\000i\000t\000\040\000D\000i\000s\000t\000i\000l\000l\000a\000t\000i\000o\000n}{section.3.3}% 45
\BOOKMARK [1][-]{section.3.4}{\376\377\000L\000e\000a\000r\000n\000e\000d\000\040\000T\000e\000a\000c\000h\000e\000r\000\040\000G\000a\000t\000e\000\040\000a\000n\000d\000\040\000L\000o\000a\000d\000\040\000B\000a\000l\000a\000n\000c\000i\000n\000g}{chapter.3}% 46
\BOOKMARK [2][-]{subsection.3.4.1}{\376\377\000S\000t\000u\000d\000e\000n\000t\000-\000C\000o\000n\000d\000i\000t\000i\000o\000n\000e\000d\000\040\000R\000o\000u\000t\000e\000r}{section.3.4}% 47
\BOOKMARK [2][-]{subsection.3.4.2}{\376\377\000T\000o\000p\000-\000k\000,\000\040\000C\000a\000p\000a\000c\000i\000t\000y\000,\000\040\000a\000n\000d\000\040\000F\000a\000l\000l\000b\000a\000c\000k}{section.3.4}% 48
\BOOKMARK [2][-]{subsection.3.4.3}{\376\377\000B\000a\000l\000a\000n\000c\000i\000n\000g\000\040\000L\000o\000s\000s\000\040\000a\000n\000d\000\040\000E\000x\000p\000e\000r\000t\000\040\000B\000i\000a\000s\000\040\000U\000p\000d\000a\000t\000e}{section.3.4}% 49
\BOOKMARK [1][-]{section.3.5}{\376\377\000G\000r\000a\000d\000i\000e\000n\000t\000\040\000A\000l\000i\000g\000n\000m\000e\000n\000t\000\040\000F\000i\000l\000t\000e\000r\000i\000n\000g}{chapter.3}% 50
\BOOKMARK [2][-]{subsection.3.5.1}{\376\377\000C\000E\000\040\000G\000r\000a\000d\000i\000e\000n\000t\000\040\000P\000r\000o\000x\000y}{section.3.5}% 51
\BOOKMARK [2][-]{subsection.3.5.2}{\376\377\000K\000D\000\040\000G\000r\000a\000d\000i\000e\000n\000t\000\040\000P\000r\000o\000x\000y}{section.3.5}% 52
\BOOKMARK [2][-]{subsection.3.5.3}{\376\377\000P\000o\000o\000l\000e\000d\000\040\000C\000o\000s\000i\000n\000e\000\040\000A\000l\000i\000g\000n\000m\000e\000n\000t}{section.3.5}% 53
\BOOKMARK [2][-]{subsection.3.5.4}{\376\377\000W\000a\000r\000m\000u\000p\000\040\000a\000n\000d\000\040\000T\000h\000r\000e\000s\000h\000o\000l\000d\000i\000n\000g}{section.3.5}% 54
\BOOKMARK [2][-]{subsection.3.5.5}{\376\377\000A\000l\000i\000g\000n\000m\000e\000n\000t\000\040\000F\000a\000l\000l\000b\000a\000c\000k\000\040\000a\000n\000d\000\040\000E\000f\000f\000e\000c\000t\000i\000v\000e\000\040\000W\000e\000i\000g\000h\000t\000s}{section.3.5}% 55
\BOOKMARK [2][-]{subsection.3.5.6}{\376\377\000S\000a\000m\000p\000l\000e\000-\000W\000i\000s\000e\000\040\000K\000D\000\040\000A\000g\000g\000r\000e\000g\000a\000t\000i\000o\000n}{section.3.5}% 56
\BOOKMARK [1][-]{section.3.6}{\376\377\000F\000i\000n\000a\000l\000\040\000O\000b\000j\000e\000c\000t\000i\000v\000e\000\040\000a\000n\000d\000\040\000T\000r\000a\000i\000n\000i\000n\000g\000\040\000P\000r\000o\000c\000e\000d\000u\000r\000e}{chapter.3}% 57
\BOOKMARK [2][-]{subsection.3.6.1}{\376\377\000F\000i\000n\000a\000l\000\040\000O\000b\000j\000e\000c\000t\000i\000v\000e}{section.3.6}% 58
\BOOKMARK [2][-]{subsection.3.6.2}{\376\377\000T\000r\000a\000i\000n\000i\000n\000g\000\040\000P\000r\000o\000c\000e\000d\000u\000r\000e}{section.3.6}% 59
\BOOKMARK [0][-]{chapter.4}{\376\377\000E\000v\000a\000l\000u\000a\000t\000i\000o\000n\000\040\000M\000e\000t\000h\000o\000d\000o\000l\000o\000g\000y}{}% 60
\BOOKMARK [1][-]{section.4.1}{\376\377\000E\000x\000p\000e\000r\000i\000m\000e\000n\000t\000a\000l\000\040\000S\000e\000t\000u\000p}{chapter.4}% 61
\BOOKMARK [1][-]{section.4.2}{\376\377\000D\000a\000t\000a\000s\000e\000t\000s}{chapter.4}% 62
\BOOKMARK [2][-]{subsection.4.2.1}{\376\377\000D\000a\000t\000a\000s\000e\000t\000\040\000D\000e\000s\000c\000r\000i\000p\000t\000i\000o\000n\000s}{section.4.2}% 63
\BOOKMARK [2][-]{subsection.4.2.2}{\376\377\000D\000a\000t\000a\000s\000e\000t\000\040\000S\000i\000z\000e\000\040\000a\000n\000d\000\040\000S\000p\000l\000i\000t\000s}{section.4.2}% 64
\BOOKMARK [1][-]{section.4.3}{\376\377\000E\000v\000a\000l\000u\000a\000t\000i\000o\000n\000\040\000M\000e\000t\000r\000i\000c\000s}{chapter.4}% 65
\BOOKMARK [1][-]{section.4.4}{\376\377\000B\000a\000s\000e\000l\000i\000n\000e\000s\000\040\000a\000n\000d\000\040\000C\000o\000m\000p\000a\000r\000e\000d\000\040\000M\000e\000t\000h\000o\000d\000s}{chapter.4}% 66
\BOOKMARK [0][-]{chapter.5}{\376\377\000E\000x\000p\000e\000r\000i\000m\000e\000n\000t\000\040\000R\000e\000s\000u\000l\000t\000s}{}% 67
\BOOKMARK [1][-]{section.5.1}{\376\377\000M\000a\000i\000n\000\040\000C\000o\000m\000p\000a\000r\000i\000s\000o\000n\000\040\000R\000e\000s\000u\000l\000t\000s}{chapter.5}% 68
\BOOKMARK [2][-]{subsection.5.1.1}{\376\377\000B\000a\000s\000e\000l\000i\000n\000e\000\040\000R\000e\000s\000u\000l\000t\000s}{section.5.1}% 69
\BOOKMARK [1][-]{section.5.2}{\376\377\000A\000b\000l\000a\000t\000i\000o\000n\000\040\000S\000t\000u\000d\000y}{chapter.5}% 70
\BOOKMARK [1][-]{section.5.3}{\376\377\000Q\000u\000a\000l\000i\000t\000a\000t\000i\000v\000e\000\040\000A\000n\000a\000l\000y\000s\000i\000s}{chapter.5}% 71
\BOOKMARK [1][-]{section.5.4}{\376\377\000D\000i\000s\000c\000u\000s\000s\000i\000o\000n}{chapter.5}% 72
\BOOKMARK [0][-]{chapter*.21}{\376\377\000C\000o\000n\000c\000l\000u\000s\000i\000o\000n\000\040\000a\000n\000d\000\040\000F\000u\000t\000u\000r\000e\000\040\000W\000o\000r\000k}{}% 73
\BOOKMARK [0][-]{section*.22}{\376\377\000R\000e\000f\000e\000r\000e\000n\000c\000e\000s}{}% 74
